// Jest Snapshot v1, https://goo.gl/fbAQLP

exports[`renders timer component 1`] = `
<RNCSafeAreaProvider
  onInsetsChange={[Function]}
  style={
    Array [
      Object {
        "flex": 1,
      },
      undefined,
    ]
  }
>
  <View
    style={
      Object {
        "alignItems": "center",
        "backgroundColor": "#000",
        "flex": 1,
        "justifyContent": "center",
      }
    }
  >
    <View
      style={
        Array [
          Object {},
          Object {
            "alignItems": "center",
            "borderColor": "red",
            "borderLeftWidth": 4,
            "borderRightWidth": 4,
            "borderTopWidth": 4,
            "display": "flex",
            "height": 100,
            "justifyContent": "center",
          },
        ]
      }
    >
      <Text
        style={
          Array [
            Object {
              "backgroundColor": undefined,
              "color": "#404040",
              "fontFamily": undefined,
              "fontSize": 24,
              "fontStyle": "normal",
              "fontWeight": "700",
              "letterSpacing": 0,
              "lineHeight": 30,
              "textDecorationLine": undefined,
            },
            Object {
              "borderColor": "blue",
              "borderLeftWidth": 4,
              "borderRightWidth": 4,
              "color": "#fff",
              "fontSize": 84,
              "fontVariant": Array [
                "tabular-nums",
              ],
              "marginBottom": 5,
            },
          ]
        }
      >
        25:00
      </Text>
    </View>
    <View
      style={
        Array [
          Object {},
          Object {
            "display": "flex",
            "flexDirection": "row",
          },
        ]
      }
    >
      <Text />
      <Text />
      <Text />
      <Text />
      <Text />
      <Text />
    </View>
    <View
      style={
        Array [
          Object {},
          Object {
            "marginTop": 60,
          },
        ]
      }
    >
      <Text />
    </View>
    <View
      _disabled={
        Object {
          "bg": "trueGray.300",
          "opacity": "50",
        }
      }
      _loading={
        Object {
          "bg": "warmGray.50",
          "opacity": "50",
        }
      }
      _text={
        Object {
          "color": "lightText",
        }
      }
      accessibilityRole="button"
      accessible={true}
      colorScheme="primary"
      focusable={true}
      onBlur={[Function]}
      onClick={[Function]}
      onFocus={[Function]}
      onHoverIn={[Function]}
      onHoverOut={[Function]}
      onResponderGrant={[Function]}
      onResponderMove={[Function]}
      onResponderRelease={[Function]}
      onResponderTerminate={[Function]}
      onResponderTerminationRequest={[Function]}
      onStartShouldSetResponder={[Function]}
      style={
        Array [
          Object {
            "alignItems": "center",
            "backgroundColor": "#06b6d4",
            "borderRadius": 4,
            "flexDirection": "row",
            "justifyContent": "center",
            "paddingBottom": 8,
            "paddingLeft": 12,
            "paddingRight": 12,
            "paddingTop": 8,
          },
          Object {
            "backgroundColor": "#000",
            "marginTop": 30,
          },
        ]
      }
    >
      <View
        style={
          Object {
            "alignItems": "center",
            "flexDirection": "row",
          }
        }
      >
        <View
          style={Object {}}
        >
          <Text
            style={
              Object {
                "backgroundColor": undefined,
                "color": "#FFFFFF",
                "fontFamily": undefined,
                "fontSize": 14,
                "fontStyle": "normal",
                "fontWeight": "500",
                "letterSpacing": 0,
                "lineHeight": 21,
                "textDecorationLine": undefined,
              }
            }
          >
             
          </Text>
          <Text />
        </View>
      </View>
    </View>
  </View>
</RNCSafeAreaProvider>
`;
